// Jest Snapshot v1, https://goo.gl/fbAQLP

exports[`Pruebas en <AppRouter /> debe mostrarse correctamente 1`] = `
Array [
  <div
    className="container"
  >
    <nav
      className="navbar navbar-expand-sm navbar-dark bg-dark"
    >
      <a
        href="/"
        onClick={[Function]}
      >
        useContext
      </a>
      <div
        className="collapse navbar-collapse"
        id="navbarNavAltMarkup"
      >
        <div
          className="navbar-nav"
        >
          <a
            activeclassname="active"
            aria-current="page"
            className="nav-link active"
            href="/"
            onClick={[Function]}
            style={Object {}}
          >
            Home
          </a>
          <a
            activeclassname="active"
            aria-current={null}
            className="nav-link"
            href="/about"
            onClick={[Function]}
          >
            About
          </a>
          <a
            activeclassname="active"
            aria-current={null}
            className="nav-link"
            href="/login"
            onClick={[Function]}
          >
            Login
          </a>
        </div>
      </div>
    </nav>
    <div>
      <h1>
        Home Screen
      </h1>
      <hr />
      <pre>
        {
   "id": 1,
   "name": "Eze"
}
      </pre>
    </div>
  </div>,
  ");",
]
`;
