// Jest Snapshot v1, https://goo.gl/fbAQLP

exports[`Pruebas en <HeroCard /> debe mostrarse correctamente 1`] = `
<div
  className="card ms-3"
  style={
    Object {
      "maxWidth": 540,
    }
  }
>
  <div
    className="row no-gutters"
  >
    <div
      className="col-md-4"
    >
      <img
        className="card-img"
        src="./assets/heroes/undefined.jpg"
      />
    </div>
    <div
      className="col-md-8"
    >
      <div
        className="card-body"
      >
        <h5
          className="card-title"
        />
        <p
          className="card-text"
        />
        <p
          className="card-text"
        />
        <Link
          to="./hero/undefined"
        >
          MÃ¡s...
        </Link>
      </div>
    </div>
  </div>
</div>
`;
