// Jest Snapshot v1, https://goo.gl/fbAQLP

exports[`Pruebas en <GifGridItem /> debe mostrar <GifGridItem /> 1`] = `
<div
  className="card animate__animated animate__fadeIn"
>
  <img
    alt="Hola Mundo"
    src="https://localhost/algo.png"
  />
  <p>
    Hola Mundo
  </p>
</div>
`;
