// Jest Snapshot v1, https://goo.gl/fbAQLP

exports[`Pruebas en <ExampleRef /> debe mostrar el componente 1`] = `
<div>
  <h1>
    Example Ref
  </h1>
  <hr />
  <button
    className="btn btn-primary mt-5"
    onClick={[Function]}
  >
    Show / Hide
  </button>
</div>
`;
